classic covercrypt shard 1/1: 79 ciphertext policies x 79 user policies = 100 pairs; 300 iterations/pair
covercrypt: 3/100 pairs
covercrypt: 7/100 pairs
covercrypt: 8/100 pairs
covercrypt: 12/100 pairs
covercrypt: 13/100 pairs
covercrypt: 15/100 pairs
covercrypt: 17/100 pairs
covercrypt: 19/100 pairs
covercrypt: 21/100 pairs
covercrypt: 22/100 pairs
covercrypt: 24/100 pairs
covercrypt: 27/100 pairs
covercrypt: 31/100 pairs
covercrypt: 33/100 pairs
covercrypt: 36/100 pairs
covercrypt: 37/100 pairs
covercrypt: 38/100 pairs
covercrypt: 40/100 pairs
covercrypt: 42/100 pairs
covercrypt: 44/100 pairs
covercrypt: 45/100 pairs
covercrypt: 46/100 pairs
covercrypt: 48/100 pairs
covercrypt: 51/100 pairs
covercrypt: 52/100 pairs
covercrypt: 53/100 pairs
covercrypt: 55/100 pairs
covercrypt: 56/100 pairs
covercrypt: 58/100 pairs
covercrypt: 59/100 pairs
covercrypt: 60/100 pairs
covercrypt: 62/100 pairs
covercrypt: 63/100 pairs
covercrypt: 66/100 pairs
covercrypt: 67/100 pairs
covercrypt: 68/100 pairs
covercrypt: 72/100 pairs
covercrypt: 74/100 pairs
covercrypt: 76/100 pairs
covercrypt: 77/100 pairs
covercrypt: 78/100 pairs
covercrypt: 79/100 pairs
covercrypt: 80/100 pairs
covercrypt: 82/100 pairs
covercrypt: 83/100 pairs
covercrypt: 84/100 pairs
covercrypt: 86/100 pairs
covercrypt: 88/100 pairs
covercrypt: 89/100 pairs
covercrypt: 91/100 pairs
covercrypt: 92/100 pairs
covercrypt: 93/100 pairs
covercrypt: 96/100 pairs
covercrypt: 98/100 pairs
covercrypt: 99/100 pairs
covercrypt: 100/100 pairs
classic lp-covercrypt shard 1/1: 79 ciphertext policies x 79 user policies = 100 pairs; 300 iterations/pair
lp-covercrypt: 3/100 pairs
lp-covercrypt: 7/100 pairs
lp-covercrypt: 8/100 pairs
lp-covercrypt: 12/100 pairs
lp-covercrypt: 13/100 pairs
lp-covercrypt: 15/100 pairs
lp-covercrypt: 17/100 pairs
lp-covercrypt: 19/100 pairs
lp-covercrypt: 21/100 pairs
lp-covercrypt: 22/100 pairs
lp-covercrypt: 24/100 pairs
lp-covercrypt: 27/100 pairs
lp-covercrypt: 31/100 pairs
lp-covercrypt: 33/100 pairs
lp-covercrypt: 36/100 pairs
lp-covercrypt: 37/100 pairs
lp-covercrypt: 38/100 pairs
lp-covercrypt: 40/100 pairs
lp-covercrypt: 42/100 pairs
lp-covercrypt: 44/100 pairs
lp-covercrypt: 45/100 pairs
lp-covercrypt: 46/100 pairs
lp-covercrypt: 48/100 pairs
lp-covercrypt: 51/100 pairs
lp-covercrypt: 52/100 pairs
lp-covercrypt: 53/100 pairs
lp-covercrypt: 55/100 pairs
lp-covercrypt: 56/100 pairs
lp-covercrypt: 58/100 pairs
lp-covercrypt: 59/100 pairs
lp-covercrypt: 60/100 pairs
lp-covercrypt: 62/100 pairs
lp-covercrypt: 63/100 pairs
lp-covercrypt: 66/100 pairs
lp-covercrypt: 67/100 pairs
lp-covercrypt: 68/100 pairs
lp-covercrypt: 72/100 pairs
lp-covercrypt: 74/100 pairs
lp-covercrypt: 76/100 pairs
lp-covercrypt: 77/100 pairs
lp-covercrypt: 78/100 pairs
lp-covercrypt: 79/100 pairs
lp-covercrypt: 80/100 pairs
lp-covercrypt: 82/100 pairs
lp-covercrypt: 83/100 pairs
lp-covercrypt: 84/100 pairs
lp-covercrypt: 86/100 pairs
lp-covercrypt: 88/100 pairs
lp-covercrypt: 89/100 pairs
lp-covercrypt: 91/100 pairs
lp-covercrypt: 92/100 pairs
lp-covercrypt: 93/100 pairs
lp-covercrypt: 96/100 pairs
lp-covercrypt: 98/100 pairs
lp-covercrypt: 99/100 pairs
lp-covercrypt: 100/100 pairs
hybridized covercrypt shard 1/1: 79 ciphertext policies x 79 user policies = 100 pairs; 300 iterations/pair
covercrypt: 3/100 pairs
covercrypt: 7/100 pairs
covercrypt: 8/100 pairs
covercrypt: 12/100 pairs
covercrypt: 13/100 pairs
covercrypt: 15/100 pairs
covercrypt: 17/100 pairs
covercrypt: 19/100 pairs
covercrypt: 21/100 pairs
covercrypt: 22/100 pairs
covercrypt: 24/100 pairs
covercrypt: 27/100 pairs
covercrypt: 31/100 pairs
covercrypt: 33/100 pairs
covercrypt: 36/100 pairs
covercrypt: 37/100 pairs
covercrypt: 38/100 pairs
covercrypt: 40/100 pairs
covercrypt: 42/100 pairs
covercrypt: 44/100 pairs
covercrypt: 45/100 pairs
covercrypt: 46/100 pairs
covercrypt: 48/100 pairs
covercrypt: 51/100 pairs
covercrypt: 52/100 pairs
covercrypt: 53/100 pairs
covercrypt: 55/100 pairs
covercrypt: 56/100 pairs
covercrypt: 58/100 pairs
covercrypt: 59/100 pairs
covercrypt: 60/100 pairs
covercrypt: 62/100 pairs
covercrypt: 63/100 pairs
covercrypt: 66/100 pairs
covercrypt: 67/100 pairs
covercrypt: 68/100 pairs
covercrypt: 72/100 pairs
covercrypt: 74/100 pairs
covercrypt: 76/100 pairs
covercrypt: 77/100 pairs
covercrypt: 78/100 pairs
covercrypt: 79/100 pairs
covercrypt: 80/100 pairs
covercrypt: 82/100 pairs
covercrypt: 83/100 pairs
covercrypt: 84/100 pairs
covercrypt: 86/100 pairs
covercrypt: 88/100 pairs
covercrypt: 89/100 pairs
covercrypt: 91/100 pairs
covercrypt: 92/100 pairs
covercrypt: 93/100 pairs
covercrypt: 96/100 pairs
covercrypt: 98/100 pairs
covercrypt: 99/100 pairs
covercrypt: 100/100 pairs
hybridized lp-covercrypt shard 1/1: 79 ciphertext policies x 79 user policies = 100 pairs; 300 iterations/pair
lp-covercrypt: 3/100 pairs
lp-covercrypt: 7/100 pairs
lp-covercrypt: 8/100 pairs
lp-covercrypt: 12/100 pairs
lp-covercrypt: 13/100 pairs
lp-covercrypt: 15/100 pairs
lp-covercrypt: 17/100 pairs
lp-covercrypt: 19/100 pairs
lp-covercrypt: 21/100 pairs
lp-covercrypt: 22/100 pairs
lp-covercrypt: 24/100 pairs
lp-covercrypt: 27/100 pairs
lp-covercrypt: 31/100 pairs
lp-covercrypt: 33/100 pairs
lp-covercrypt: 36/100 pairs
lp-covercrypt: 37/100 pairs
lp-covercrypt: 38/100 pairs
lp-covercrypt: 40/100 pairs
lp-covercrypt: 42/100 pairs
lp-covercrypt: 44/100 pairs
lp-covercrypt: 45/100 pairs
lp-covercrypt: 46/100 pairs
lp-covercrypt: 48/100 pairs
lp-covercrypt: 51/100 pairs
lp-covercrypt: 52/100 pairs
lp-covercrypt: 53/100 pairs
lp-covercrypt: 55/100 pairs
lp-covercrypt: 56/100 pairs
lp-covercrypt: 58/100 pairs
lp-covercrypt: 59/100 pairs
lp-covercrypt: 60/100 pairs
lp-covercrypt: 62/100 pairs
lp-covercrypt: 63/100 pairs
lp-covercrypt: 66/100 pairs
lp-covercrypt: 67/100 pairs
lp-covercrypt: 68/100 pairs
lp-covercrypt: 72/100 pairs
lp-covercrypt: 74/100 pairs
lp-covercrypt: 76/100 pairs
lp-covercrypt: 77/100 pairs
lp-covercrypt: 78/100 pairs
lp-covercrypt: 79/100 pairs
lp-covercrypt: 80/100 pairs
lp-covercrypt: 82/100 pairs
lp-covercrypt: 83/100 pairs
lp-covercrypt: 84/100 pairs
lp-covercrypt: 86/100 pairs
lp-covercrypt: 88/100 pairs
lp-covercrypt: 89/100 pairs
lp-covercrypt: 91/100 pairs
lp-covercrypt: 92/100 pairs
lp-covercrypt: 93/100 pairs
lp-covercrypt: 96/100 pairs
lp-covercrypt: 98/100 pairs
lp-covercrypt: 99/100 pairs
lp-covercrypt: 100/100 pairs
hybridized lp-covercrypt shard 1/1: 79 ciphertext policies x 79 user policies = 100 pairs; 300 iterations/pair
lp-covercrypt: 3/100 pairs
lp-covercrypt: 7/100 pairs
lp-covercrypt: 8/100 pairs
lp-covercrypt: 12/100 pairs
lp-covercrypt: 13/100 pairs
lp-covercrypt: 15/100 pairs
lp-covercrypt: 17/100 pairs
lp-covercrypt: 19/100 pairs
lp-covercrypt: 21/100 pairs
lp-covercrypt: 22/100 pairs
lp-covercrypt: 24/100 pairs
lp-covercrypt: 27/100 pairs
lp-covercrypt: 31/100 pairs
lp-covercrypt: 33/100 pairs
lp-covercrypt: 36/100 pairs
lp-covercrypt: 37/100 pairs
lp-covercrypt: 38/100 pairs
lp-covercrypt: 40/100 pairs
lp-covercrypt: 42/100 pairs
lp-covercrypt: 44/100 pairs
lp-covercrypt: 45/100 pairs
lp-covercrypt: 46/100 pairs
lp-covercrypt: 48/100 pairs
lp-covercrypt: 51/100 pairs
lp-covercrypt: 52/100 pairs
lp-covercrypt: 53/100 pairs
lp-covercrypt: 55/100 pairs
lp-covercrypt: 56/100 pairs
lp-covercrypt: 58/100 pairs
lp-covercrypt: 59/100 pairs
lp-covercrypt: 60/100 pairs
lp-covercrypt: 62/100 pairs
lp-covercrypt: 63/100 pairs
lp-covercrypt: 66/100 pairs
lp-covercrypt: 67/100 pairs
lp-covercrypt: 68/100 pairs
lp-covercrypt: 72/100 pairs
lp-covercrypt: 74/100 pairs
lp-covercrypt: 76/100 pairs
lp-covercrypt: 77/100 pairs
lp-covercrypt: 78/100 pairs
lp-covercrypt: 79/100 pairs
lp-covercrypt: 80/100 pairs
lp-covercrypt: 82/100 pairs
lp-covercrypt: 83/100 pairs
lp-covercrypt: 84/100 pairs
lp-covercrypt: 86/100 pairs
lp-covercrypt: 88/100 pairs
lp-covercrypt: 89/100 pairs
lp-covercrypt: 91/100 pairs
lp-covercrypt: 92/100 pairs
lp-covercrypt: 93/100 pairs
lp-covercrypt: 96/100 pairs
lp-covercrypt: 98/100 pairs
lp-covercrypt: 99/100 pairs
lp-covercrypt: 100/100 pairs
hybridized covercrypt shard 1/1: 79 ciphertext policies x 79 user policies = 100 pairs; 300 iterations/pair
covercrypt: 3/100 pairs
covercrypt: 7/100 pairs
covercrypt: 8/100 pairs
covercrypt: 12/100 pairs
covercrypt: 13/100 pairs
covercrypt: 15/100 pairs
covercrypt: 17/100 pairs
covercrypt: 19/100 pairs
covercrypt: 21/100 pairs
covercrypt: 22/100 pairs
covercrypt: 24/100 pairs
covercrypt: 27/100 pairs
covercrypt: 31/100 pairs
covercrypt: 33/100 pairs
covercrypt: 36/100 pairs
covercrypt: 37/100 pairs
covercrypt: 38/100 pairs
covercrypt: 40/100 pairs
covercrypt: 42/100 pairs
covercrypt: 44/100 pairs
covercrypt: 45/100 pairs
covercrypt: 46/100 pairs
covercrypt: 48/100 pairs
covercrypt: 51/100 pairs
covercrypt: 52/100 pairs
covercrypt: 53/100 pairs
covercrypt: 55/100 pairs
covercrypt: 56/100 pairs
covercrypt: 58/100 pairs
covercrypt: 59/100 pairs
covercrypt: 60/100 pairs
covercrypt: 62/100 pairs
covercrypt: 63/100 pairs
covercrypt: 66/100 pairs
covercrypt: 67/100 pairs
covercrypt: 68/100 pairs
covercrypt: 72/100 pairs
covercrypt: 74/100 pairs
covercrypt: 76/100 pairs
covercrypt: 77/100 pairs
covercrypt: 78/100 pairs
covercrypt: 79/100 pairs
covercrypt: 80/100 pairs
covercrypt: 82/100 pairs
covercrypt: 83/100 pairs
covercrypt: 84/100 pairs
covercrypt: 86/100 pairs
covercrypt: 88/100 pairs
covercrypt: 89/100 pairs
covercrypt: 91/100 pairs
covercrypt: 92/100 pairs
covercrypt: 93/100 pairs
covercrypt: 96/100 pairs
covercrypt: 98/100 pairs
covercrypt: 99/100 pairs
covercrypt: 100/100 pairs
classic lp-covercrypt shard 1/1: 79 ciphertext policies x 79 user policies = 100 pairs; 300 iterations/pair
lp-covercrypt: 3/100 pairs
lp-covercrypt: 7/100 pairs
lp-covercrypt: 8/100 pairs
lp-covercrypt: 12/100 pairs
lp-covercrypt: 13/100 pairs
lp-covercrypt: 15/100 pairs
lp-covercrypt: 17/100 pairs
lp-covercrypt: 19/100 pairs
lp-covercrypt: 21/100 pairs
lp-covercrypt: 22/100 pairs
lp-covercrypt: 24/100 pairs
lp-covercrypt: 27/100 pairs
lp-covercrypt: 31/100 pairs
lp-covercrypt: 33/100 pairs
lp-covercrypt: 36/100 pairs
lp-covercrypt: 37/100 pairs
lp-covercrypt: 38/100 pairs
lp-covercrypt: 40/100 pairs
lp-covercrypt: 42/100 pairs
lp-covercrypt: 44/100 pairs
lp-covercrypt: 45/100 pairs
lp-covercrypt: 46/100 pairs
lp-covercrypt: 48/100 pairs
lp-covercrypt: 51/100 pairs
lp-covercrypt: 52/100 pairs
lp-covercrypt: 53/100 pairs
lp-covercrypt: 55/100 pairs
lp-covercrypt: 56/100 pairs
lp-covercrypt: 58/100 pairs
lp-covercrypt: 59/100 pairs
lp-covercrypt: 60/100 pairs
lp-covercrypt: 62/100 pairs
lp-covercrypt: 63/100 pairs
lp-covercrypt: 66/100 pairs
lp-covercrypt: 67/100 pairs
lp-covercrypt: 68/100 pairs
lp-covercrypt: 72/100 pairs
lp-covercrypt: 74/100 pairs
lp-covercrypt: 76/100 pairs
lp-covercrypt: 77/100 pairs
lp-covercrypt: 78/100 pairs
lp-covercrypt: 79/100 pairs
lp-covercrypt: 80/100 pairs
lp-covercrypt: 82/100 pairs
lp-covercrypt: 83/100 pairs
lp-covercrypt: 84/100 pairs
lp-covercrypt: 86/100 pairs
lp-covercrypt: 88/100 pairs
lp-covercrypt: 89/100 pairs
lp-covercrypt: 91/100 pairs
lp-covercrypt: 92/100 pairs
lp-covercrypt: 93/100 pairs
lp-covercrypt: 96/100 pairs
lp-covercrypt: 98/100 pairs
lp-covercrypt: 99/100 pairs
lp-covercrypt: 100/100 pairs
classic covercrypt shard 1/1: 79 ciphertext policies x 79 user policies = 100 pairs; 300 iterations/pair
covercrypt: 3/100 pairs
covercrypt: 7/100 pairs
covercrypt: 8/100 pairs
covercrypt: 12/100 pairs
covercrypt: 13/100 pairs
covercrypt: 15/100 pairs
covercrypt: 17/100 pairs
covercrypt: 19/100 pairs
covercrypt: 21/100 pairs
covercrypt: 22/100 pairs
covercrypt: 24/100 pairs
covercrypt: 27/100 pairs
covercrypt: 31/100 pairs
covercrypt: 33/100 pairs
covercrypt: 36/100 pairs
covercrypt: 37/100 pairs
covercrypt: 38/100 pairs
covercrypt: 40/100 pairs
covercrypt: 42/100 pairs
covercrypt: 44/100 pairs
covercrypt: 45/100 pairs
covercrypt: 46/100 pairs
covercrypt: 48/100 pairs
covercrypt: 51/100 pairs
covercrypt: 52/100 pairs
covercrypt: 53/100 pairs
covercrypt: 55/100 pairs
covercrypt: 56/100 pairs
covercrypt: 58/100 pairs
covercrypt: 59/100 pairs
covercrypt: 60/100 pairs
covercrypt: 62/100 pairs
covercrypt: 63/100 pairs
covercrypt: 66/100 pairs
covercrypt: 67/100 pairs
covercrypt: 68/100 pairs
covercrypt: 72/100 pairs
covercrypt: 74/100 pairs
covercrypt: 76/100 pairs
covercrypt: 77/100 pairs
covercrypt: 78/100 pairs
covercrypt: 79/100 pairs
covercrypt: 80/100 pairs
covercrypt: 82/100 pairs
covercrypt: 83/100 pairs
covercrypt: 84/100 pairs
covercrypt: 86/100 pairs
covercrypt: 88/100 pairs
covercrypt: 89/100 pairs
covercrypt: 91/100 pairs
covercrypt: 92/100 pairs
covercrypt: 93/100 pairs
covercrypt: 96/100 pairs
covercrypt: 98/100 pairs
covercrypt: 99/100 pairs
covercrypt: 100/100 pairs
classic covercrypt shard 1/1: 79 ciphertext policies x 79 user policies = 100 pairs; 300 iterations/pair
covercrypt: 3/100 pairs
covercrypt: 7/100 pairs
covercrypt: 8/100 pairs
covercrypt: 12/100 pairs
covercrypt: 13/100 pairs
covercrypt: 15/100 pairs
covercrypt: 17/100 pairs
covercrypt: 19/100 pairs
covercrypt: 21/100 pairs
covercrypt: 22/100 pairs
covercrypt: 24/100 pairs
covercrypt: 27/100 pairs
covercrypt: 31/100 pairs
covercrypt: 33/100 pairs
covercrypt: 36/100 pairs
covercrypt: 37/100 pairs
covercrypt: 38/100 pairs
covercrypt: 40/100 pairs
covercrypt: 42/100 pairs
covercrypt: 44/100 pairs
covercrypt: 45/100 pairs
covercrypt: 46/100 pairs
covercrypt: 48/100 pairs
covercrypt: 51/100 pairs
covercrypt: 52/100 pairs
covercrypt: 53/100 pairs
covercrypt: 55/100 pairs
covercrypt: 56/100 pairs
covercrypt: 58/100 pairs
covercrypt: 59/100 pairs
covercrypt: 60/100 pairs
covercrypt: 62/100 pairs
covercrypt: 63/100 pairs
covercrypt: 66/100 pairs
covercrypt: 67/100 pairs
covercrypt: 68/100 pairs
covercrypt: 72/100 pairs
covercrypt: 74/100 pairs
covercrypt: 76/100 pairs
covercrypt: 77/100 pairs
covercrypt: 78/100 pairs
covercrypt: 79/100 pairs
covercrypt: 80/100 pairs
covercrypt: 82/100 pairs
covercrypt: 83/100 pairs
covercrypt: 84/100 pairs
covercrypt: 86/100 pairs
covercrypt: 88/100 pairs
covercrypt: 89/100 pairs
covercrypt: 91/100 pairs
covercrypt: 92/100 pairs
covercrypt: 93/100 pairs
covercrypt: 96/100 pairs
covercrypt: 98/100 pairs
covercrypt: 99/100 pairs
covercrypt: 100/100 pairs
classic lp-covercrypt shard 1/1: 79 ciphertext policies x 79 user policies = 100 pairs; 300 iterations/pair
lp-covercrypt: 3/100 pairs
lp-covercrypt: 7/100 pairs
lp-covercrypt: 8/100 pairs
lp-covercrypt: 12/100 pairs
lp-covercrypt: 13/100 pairs
lp-covercrypt: 15/100 pairs
lp-covercrypt: 17/100 pairs
lp-covercrypt: 19/100 pairs
lp-covercrypt: 21/100 pairs
lp-covercrypt: 22/100 pairs
lp-covercrypt: 24/100 pairs
lp-covercrypt: 27/100 pairs
lp-covercrypt: 31/100 pairs
lp-covercrypt: 33/100 pairs
lp-covercrypt: 36/100 pairs
lp-covercrypt: 37/100 pairs
lp-covercrypt: 38/100 pairs
lp-covercrypt: 40/100 pairs
lp-covercrypt: 42/100 pairs
lp-covercrypt: 44/100 pairs
lp-covercrypt: 45/100 pairs
lp-covercrypt: 46/100 pairs
lp-covercrypt: 48/100 pairs
lp-covercrypt: 51/100 pairs
lp-covercrypt: 52/100 pairs
lp-covercrypt: 53/100 pairs
lp-covercrypt: 55/100 pairs
lp-covercrypt: 56/100 pairs
lp-covercrypt: 58/100 pairs
lp-covercrypt: 59/100 pairs
lp-covercrypt: 60/100 pairs
lp-covercrypt: 62/100 pairs
lp-covercrypt: 63/100 pairs
lp-covercrypt: 66/100 pairs
lp-covercrypt: 67/100 pairs
lp-covercrypt: 68/100 pairs
lp-covercrypt: 72/100 pairs
lp-covercrypt: 74/100 pairs
lp-covercrypt: 76/100 pairs
lp-covercrypt: 77/100 pairs
lp-covercrypt: 78/100 pairs
lp-covercrypt: 79/100 pairs
lp-covercrypt: 80/100 pairs
lp-covercrypt: 82/100 pairs
lp-covercrypt: 83/100 pairs
lp-covercrypt: 84/100 pairs
lp-covercrypt: 86/100 pairs
lp-covercrypt: 88/100 pairs
lp-covercrypt: 89/100 pairs
lp-covercrypt: 91/100 pairs
lp-covercrypt: 92/100 pairs
lp-covercrypt: 93/100 pairs
lp-covercrypt: 96/100 pairs
lp-covercrypt: 98/100 pairs
lp-covercrypt: 99/100 pairs
lp-covercrypt: 100/100 pairs
hybridized covercrypt shard 1/1: 79 ciphertext policies x 79 user policies = 100 pairs; 300 iterations/pair
covercrypt: 3/100 pairs
covercrypt: 7/100 pairs
covercrypt: 8/100 pairs
covercrypt: 12/100 pairs
covercrypt: 13/100 pairs
covercrypt: 15/100 pairs
covercrypt: 17/100 pairs
covercrypt: 19/100 pairs
covercrypt: 21/100 pairs
covercrypt: 22/100 pairs
covercrypt: 24/100 pairs
covercrypt: 27/100 pairs
covercrypt: 31/100 pairs
covercrypt: 33/100 pairs
covercrypt: 36/100 pairs
covercrypt: 37/100 pairs
covercrypt: 38/100 pairs
covercrypt: 40/100 pairs
covercrypt: 42/100 pairs
covercrypt: 44/100 pairs
covercrypt: 45/100 pairs
covercrypt: 46/100 pairs
covercrypt: 48/100 pairs
covercrypt: 51/100 pairs
covercrypt: 52/100 pairs
covercrypt: 53/100 pairs
covercrypt: 55/100 pairs
covercrypt: 56/100 pairs
covercrypt: 58/100 pairs
covercrypt: 59/100 pairs
covercrypt: 60/100 pairs
covercrypt: 62/100 pairs
covercrypt: 63/100 pairs
covercrypt: 66/100 pairs
covercrypt: 67/100 pairs
covercrypt: 68/100 pairs
covercrypt: 72/100 pairs
covercrypt: 74/100 pairs
covercrypt: 76/100 pairs
covercrypt: 77/100 pairs
covercrypt: 78/100 pairs
covercrypt: 79/100 pairs
covercrypt: 80/100 pairs
covercrypt: 82/100 pairs
covercrypt: 83/100 pairs
covercrypt: 84/100 pairs
covercrypt: 86/100 pairs
covercrypt: 88/100 pairs
covercrypt: 89/100 pairs
covercrypt: 91/100 pairs
covercrypt: 92/100 pairs
covercrypt: 93/100 pairs
covercrypt: 96/100 pairs
covercrypt: 98/100 pairs
covercrypt: 99/100 pairs
covercrypt: 100/100 pairs
hybridized lp-covercrypt shard 1/1: 79 ciphertext policies x 79 user policies = 100 pairs; 300 iterations/pair
lp-covercrypt: 3/100 pairs
lp-covercrypt: 7/100 pairs
lp-covercrypt: 8/100 pairs
lp-covercrypt: 12/100 pairs
lp-covercrypt: 13/100 pairs
lp-covercrypt: 15/100 pairs
lp-covercrypt: 17/100 pairs
lp-covercrypt: 19/100 pairs
lp-covercrypt: 21/100 pairs
lp-covercrypt: 22/100 pairs
lp-covercrypt: 24/100 pairs
lp-covercrypt: 27/100 pairs
lp-covercrypt: 31/100 pairs
lp-covercrypt: 33/100 pairs
lp-covercrypt: 36/100 pairs
lp-covercrypt: 37/100 pairs
lp-covercrypt: 38/100 pairs
lp-covercrypt: 40/100 pairs
lp-covercrypt: 42/100 pairs
lp-covercrypt: 44/100 pairs
lp-covercrypt: 45/100 pairs
lp-covercrypt: 46/100 pairs
lp-covercrypt: 48/100 pairs
lp-covercrypt: 51/100 pairs
lp-covercrypt: 52/100 pairs
lp-covercrypt: 53/100 pairs
lp-covercrypt: 55/100 pairs
lp-covercrypt: 56/100 pairs
lp-covercrypt: 58/100 pairs
lp-covercrypt: 59/100 pairs
lp-covercrypt: 60/100 pairs
lp-covercrypt: 62/100 pairs
lp-covercrypt: 63/100 pairs
lp-covercrypt: 66/100 pairs
lp-covercrypt: 67/100 pairs
lp-covercrypt: 68/100 pairs
lp-covercrypt: 72/100 pairs
lp-covercrypt: 74/100 pairs
lp-covercrypt: 76/100 pairs
lp-covercrypt: 77/100 pairs
lp-covercrypt: 78/100 pairs
lp-covercrypt: 79/100 pairs
lp-covercrypt: 80/100 pairs
lp-covercrypt: 82/100 pairs
lp-covercrypt: 83/100 pairs
lp-covercrypt: 84/100 pairs
lp-covercrypt: 86/100 pairs
lp-covercrypt: 88/100 pairs
lp-covercrypt: 89/100 pairs
lp-covercrypt: 91/100 pairs
lp-covercrypt: 92/100 pairs
lp-covercrypt: 93/100 pairs
lp-covercrypt: 96/100 pairs
lp-covercrypt: 98/100 pairs
lp-covercrypt: 99/100 pairs
lp-covercrypt: 100/100 pairs
hybridized lp-covercrypt shard 1/1: 79 ciphertext policies x 79 user policies = 100 pairs; 300 iterations/pair
lp-covercrypt: 3/100 pairs
lp-covercrypt: 7/100 pairs
lp-covercrypt: 8/100 pairs
lp-covercrypt: 12/100 pairs
lp-covercrypt: 13/100 pairs
lp-covercrypt: 15/100 pairs
lp-covercrypt: 17/100 pairs
lp-covercrypt: 19/100 pairs
lp-covercrypt: 21/100 pairs
lp-covercrypt: 22/100 pairs
lp-covercrypt: 24/100 pairs
lp-covercrypt: 27/100 pairs
lp-covercrypt: 31/100 pairs
lp-covercrypt: 33/100 pairs
lp-covercrypt: 36/100 pairs
lp-covercrypt: 37/100 pairs
lp-covercrypt: 38/100 pairs
lp-covercrypt: 40/100 pairs
lp-covercrypt: 42/100 pairs
lp-covercrypt: 44/100 pairs
lp-covercrypt: 45/100 pairs
lp-covercrypt: 46/100 pairs
lp-covercrypt: 48/100 pairs
lp-covercrypt: 51/100 pairs
lp-covercrypt: 52/100 pairs
lp-covercrypt: 53/100 pairs
lp-covercrypt: 55/100 pairs
lp-covercrypt: 56/100 pairs
lp-covercrypt: 58/100 pairs
lp-covercrypt: 59/100 pairs
lp-covercrypt: 60/100 pairs
lp-covercrypt: 62/100 pairs
lp-covercrypt: 63/100 pairs
lp-covercrypt: 66/100 pairs
lp-covercrypt: 67/100 pairs
lp-covercrypt: 68/100 pairs
lp-covercrypt: 72/100 pairs
lp-covercrypt: 74/100 pairs
lp-covercrypt: 76/100 pairs
lp-covercrypt: 77/100 pairs
lp-covercrypt: 78/100 pairs
lp-covercrypt: 79/100 pairs
lp-covercrypt: 80/100 pairs
lp-covercrypt: 82/100 pairs
lp-covercrypt: 83/100 pairs
lp-covercrypt: 84/100 pairs
lp-covercrypt: 86/100 pairs
lp-covercrypt: 88/100 pairs
lp-covercrypt: 89/100 pairs
lp-covercrypt: 91/100 pairs
lp-covercrypt: 92/100 pairs
lp-covercrypt: 93/100 pairs
lp-covercrypt: 96/100 pairs
lp-covercrypt: 98/100 pairs
lp-covercrypt: 99/100 pairs
lp-covercrypt: 100/100 pairs
hybridized covercrypt shard 1/1: 79 ciphertext policies x 79 user policies = 100 pairs; 300 iterations/pair
covercrypt: 3/100 pairs
covercrypt: 7/100 pairs
covercrypt: 8/100 pairs
covercrypt: 12/100 pairs
covercrypt: 13/100 pairs
covercrypt: 15/100 pairs
covercrypt: 17/100 pairs
covercrypt: 19/100 pairs
covercrypt: 21/100 pairs
covercrypt: 22/100 pairs
covercrypt: 24/100 pairs
covercrypt: 27/100 pairs
covercrypt: 31/100 pairs
covercrypt: 33/100 pairs
covercrypt: 36/100 pairs
covercrypt: 37/100 pairs
covercrypt: 38/100 pairs
covercrypt: 40/100 pairs
covercrypt: 42/100 pairs
covercrypt: 44/100 pairs
covercrypt: 45/100 pairs
covercrypt: 46/100 pairs
covercrypt: 48/100 pairs
covercrypt: 51/100 pairs
covercrypt: 52/100 pairs
covercrypt: 53/100 pairs
covercrypt: 55/100 pairs
covercrypt: 56/100 pairs
covercrypt: 58/100 pairs
covercrypt: 59/100 pairs
covercrypt: 60/100 pairs
covercrypt: 62/100 pairs
covercrypt: 63/100 pairs
covercrypt: 66/100 pairs
covercrypt: 67/100 pairs
covercrypt: 68/100 pairs
covercrypt: 72/100 pairs
covercrypt: 74/100 pairs
covercrypt: 76/100 pairs
covercrypt: 77/100 pairs
covercrypt: 78/100 pairs
covercrypt: 79/100 pairs
covercrypt: 80/100 pairs
covercrypt: 82/100 pairs
covercrypt: 83/100 pairs
covercrypt: 84/100 pairs
covercrypt: 86/100 pairs
covercrypt: 88/100 pairs
covercrypt: 89/100 pairs
covercrypt: 91/100 pairs
covercrypt: 92/100 pairs
covercrypt: 93/100 pairs
covercrypt: 96/100 pairs
covercrypt: 98/100 pairs
covercrypt: 99/100 pairs
covercrypt: 100/100 pairs
classic lp-covercrypt shard 1/1: 79 ciphertext policies x 79 user policies = 100 pairs; 300 iterations/pair
lp-covercrypt: 3/100 pairs
lp-covercrypt: 7/100 pairs
lp-covercrypt: 8/100 pairs
lp-covercrypt: 12/100 pairs
lp-covercrypt: 13/100 pairs
lp-covercrypt: 15/100 pairs
lp-covercrypt: 17/100 pairs
lp-covercrypt: 19/100 pairs
lp-covercrypt: 21/100 pairs
lp-covercrypt: 22/100 pairs
lp-covercrypt: 24/100 pairs
lp-covercrypt: 27/100 pairs
lp-covercrypt: 31/100 pairs
lp-covercrypt: 33/100 pairs
lp-covercrypt: 36/100 pairs
lp-covercrypt: 37/100 pairs
lp-covercrypt: 38/100 pairs
lp-covercrypt: 40/100 pairs
lp-covercrypt: 42/100 pairs
lp-covercrypt: 44/100 pairs
lp-covercrypt: 45/100 pairs
lp-covercrypt: 46/100 pairs
lp-covercrypt: 48/100 pairs
lp-covercrypt: 51/100 pairs
lp-covercrypt: 52/100 pairs
lp-covercrypt: 53/100 pairs
lp-covercrypt: 55/100 pairs
lp-covercrypt: 56/100 pairs
lp-covercrypt: 58/100 pairs
lp-covercrypt: 59/100 pairs
lp-covercrypt: 60/100 pairs
lp-covercrypt: 62/100 pairs
lp-covercrypt: 63/100 pairs
lp-covercrypt: 66/100 pairs
lp-covercrypt: 67/100 pairs
lp-covercrypt: 68/100 pairs
lp-covercrypt: 72/100 pairs
lp-covercrypt: 74/100 pairs
lp-covercrypt: 76/100 pairs
lp-covercrypt: 77/100 pairs
lp-covercrypt: 78/100 pairs
lp-covercrypt: 79/100 pairs
lp-covercrypt: 80/100 pairs
lp-covercrypt: 82/100 pairs
lp-covercrypt: 83/100 pairs
lp-covercrypt: 84/100 pairs
lp-covercrypt: 86/100 pairs
lp-covercrypt: 88/100 pairs
lp-covercrypt: 89/100 pairs
lp-covercrypt: 91/100 pairs
lp-covercrypt: 92/100 pairs
lp-covercrypt: 93/100 pairs
lp-covercrypt: 96/100 pairs
lp-covercrypt: 98/100 pairs
lp-covercrypt: 99/100 pairs
lp-covercrypt: 100/100 pairs
classic covercrypt shard 1/1: 79 ciphertext policies x 79 user policies = 100 pairs; 300 iterations/pair
covercrypt: 3/100 pairs
covercrypt: 7/100 pairs
covercrypt: 8/100 pairs
covercrypt: 12/100 pairs
covercrypt: 13/100 pairs
covercrypt: 15/100 pairs
covercrypt: 17/100 pairs
covercrypt: 19/100 pairs
covercrypt: 21/100 pairs
covercrypt: 22/100 pairs
covercrypt: 24/100 pairs
covercrypt: 27/100 pairs
covercrypt: 31/100 pairs
covercrypt: 33/100 pairs
covercrypt: 36/100 pairs
covercrypt: 37/100 pairs
covercrypt: 38/100 pairs
covercrypt: 40/100 pairs
covercrypt: 42/100 pairs
covercrypt: 44/100 pairs
covercrypt: 45/100 pairs
covercrypt: 46/100 pairs
covercrypt: 48/100 pairs
covercrypt: 51/100 pairs
covercrypt: 52/100 pairs
covercrypt: 53/100 pairs
covercrypt: 55/100 pairs
covercrypt: 56/100 pairs
covercrypt: 58/100 pairs
covercrypt: 59/100 pairs
covercrypt: 60/100 pairs
covercrypt: 62/100 pairs
covercrypt: 63/100 pairs
covercrypt: 66/100 pairs
covercrypt: 67/100 pairs
covercrypt: 68/100 pairs
covercrypt: 72/100 pairs
covercrypt: 74/100 pairs
covercrypt: 76/100 pairs
covercrypt: 77/100 pairs
covercrypt: 78/100 pairs
covercrypt: 79/100 pairs
covercrypt: 80/100 pairs
covercrypt: 82/100 pairs
covercrypt: 83/100 pairs
covercrypt: 84/100 pairs
covercrypt: 86/100 pairs
covercrypt: 88/100 pairs
covercrypt: 89/100 pairs
covercrypt: 91/100 pairs
covercrypt: 92/100 pairs
covercrypt: 93/100 pairs
covercrypt: 96/100 pairs
covercrypt: 98/100 pairs
covercrypt: 99/100 pairs
covercrypt: 100/100 pairs
classic covercrypt shard 1/1: 79 ciphertext policies x 79 user policies = 100 pairs; 300 iterations/pair
covercrypt: 3/100 pairs
covercrypt: 7/100 pairs
covercrypt: 8/100 pairs
covercrypt: 12/100 pairs
covercrypt: 13/100 pairs
covercrypt: 15/100 pairs
covercrypt: 17/100 pairs
covercrypt: 19/100 pairs
covercrypt: 21/100 pairs
covercrypt: 22/100 pairs
covercrypt: 24/100 pairs
covercrypt: 27/100 pairs
covercrypt: 31/100 pairs
covercrypt: 33/100 pairs
covercrypt: 36/100 pairs
covercrypt: 37/100 pairs
covercrypt: 38/100 pairs
covercrypt: 40/100 pairs
covercrypt: 42/100 pairs
covercrypt: 44/100 pairs
covercrypt: 45/100 pairs
covercrypt: 46/100 pairs
covercrypt: 48/100 pairs
covercrypt: 51/100 pairs
covercrypt: 52/100 pairs
covercrypt: 53/100 pairs
covercrypt: 55/100 pairs
covercrypt: 56/100 pairs
covercrypt: 58/100 pairs
covercrypt: 59/100 pairs
covercrypt: 60/100 pairs
covercrypt: 62/100 pairs
covercrypt: 63/100 pairs
covercrypt: 66/100 pairs
covercrypt: 67/100 pairs
covercrypt: 68/100 pairs
covercrypt: 72/100 pairs
covercrypt: 74/100 pairs
covercrypt: 76/100 pairs
covercrypt: 77/100 pairs
covercrypt: 78/100 pairs
covercrypt: 79/100 pairs
covercrypt: 80/100 pairs
covercrypt: 82/100 pairs
covercrypt: 83/100 pairs
covercrypt: 84/100 pairs
covercrypt: 86/100 pairs
covercrypt: 88/100 pairs
covercrypt: 89/100 pairs
covercrypt: 91/100 pairs
covercrypt: 92/100 pairs
covercrypt: 93/100 pairs
covercrypt: 96/100 pairs
covercrypt: 98/100 pairs
covercrypt: 99/100 pairs
covercrypt: 100/100 pairs
classic lp-covercrypt shard 1/1: 79 ciphertext policies x 79 user policies = 100 pairs; 300 iterations/pair
lp-covercrypt: 3/100 pairs
lp-covercrypt: 7/100 pairs
lp-covercrypt: 8/100 pairs
lp-covercrypt: 12/100 pairs
lp-covercrypt: 13/100 pairs
lp-covercrypt: 15/100 pairs
lp-covercrypt: 17/100 pairs
lp-covercrypt: 19/100 pairs
lp-covercrypt: 21/100 pairs
lp-covercrypt: 22/100 pairs
lp-covercrypt: 24/100 pairs
lp-covercrypt: 27/100 pairs
lp-covercrypt: 31/100 pairs
lp-covercrypt: 33/100 pairs
lp-covercrypt: 36/100 pairs
lp-covercrypt: 37/100 pairs
lp-covercrypt: 38/100 pairs
lp-covercrypt: 40/100 pairs
lp-covercrypt: 42/100 pairs
lp-covercrypt: 44/100 pairs
lp-covercrypt: 45/100 pairs
lp-covercrypt: 46/100 pairs
lp-covercrypt: 48/100 pairs
lp-covercrypt: 51/100 pairs
lp-covercrypt: 52/100 pairs
lp-covercrypt: 53/100 pairs
lp-covercrypt: 55/100 pairs
lp-covercrypt: 56/100 pairs
lp-covercrypt: 58/100 pairs
lp-covercrypt: 59/100 pairs
lp-covercrypt: 60/100 pairs
lp-covercrypt: 62/100 pairs
lp-covercrypt: 63/100 pairs
lp-covercrypt: 66/100 pairs
lp-covercrypt: 67/100 pairs
lp-covercrypt: 68/100 pairs
lp-covercrypt: 72/100 pairs
lp-covercrypt: 74/100 pairs
lp-covercrypt: 76/100 pairs
lp-covercrypt: 77/100 pairs
lp-covercrypt: 78/100 pairs
lp-covercrypt: 79/100 pairs
lp-covercrypt: 80/100 pairs
lp-covercrypt: 82/100 pairs
lp-covercrypt: 83/100 pairs
lp-covercrypt: 84/100 pairs
lp-covercrypt: 86/100 pairs
lp-covercrypt: 88/100 pairs
lp-covercrypt: 89/100 pairs
lp-covercrypt: 91/100 pairs
lp-covercrypt: 92/100 pairs
lp-covercrypt: 93/100 pairs
lp-covercrypt: 96/100 pairs
lp-covercrypt: 98/100 pairs
lp-covercrypt: 99/100 pairs
lp-covercrypt: 100/100 pairs
hybridized covercrypt shard 1/1: 79 ciphertext policies x 79 user policies = 100 pairs; 300 iterations/pair
covercrypt: 3/100 pairs
covercrypt: 7/100 pairs
covercrypt: 8/100 pairs
covercrypt: 12/100 pairs
covercrypt: 13/100 pairs
covercrypt: 15/100 pairs
covercrypt: 17/100 pairs
covercrypt: 19/100 pairs
covercrypt: 21/100 pairs
covercrypt: 22/100 pairs
covercrypt: 24/100 pairs
covercrypt: 27/100 pairs
covercrypt: 31/100 pairs
covercrypt: 33/100 pairs
covercrypt: 36/100 pairs
covercrypt: 37/100 pairs
covercrypt: 38/100 pairs
covercrypt: 40/100 pairs
covercrypt: 42/100 pairs
covercrypt: 44/100 pairs
covercrypt: 45/100 pairs
covercrypt: 46/100 pairs
covercrypt: 48/100 pairs
covercrypt: 51/100 pairs
covercrypt: 52/100 pairs
covercrypt: 53/100 pairs
covercrypt: 55/100 pairs
covercrypt: 56/100 pairs
covercrypt: 58/100 pairs
covercrypt: 59/100 pairs
covercrypt: 60/100 pairs
covercrypt: 62/100 pairs
covercrypt: 63/100 pairs
covercrypt: 66/100 pairs
covercrypt: 67/100 pairs
covercrypt: 68/100 pairs
covercrypt: 72/100 pairs
covercrypt: 74/100 pairs
covercrypt: 76/100 pairs
covercrypt: 77/100 pairs
covercrypt: 78/100 pairs
covercrypt: 79/100 pairs
covercrypt: 80/100 pairs
covercrypt: 82/100 pairs
covercrypt: 83/100 pairs
covercrypt: 84/100 pairs
covercrypt: 86/100 pairs
covercrypt: 88/100 pairs
covercrypt: 89/100 pairs
covercrypt: 91/100 pairs
covercrypt: 92/100 pairs
covercrypt: 93/100 pairs
covercrypt: 96/100 pairs
covercrypt: 98/100 pairs
covercrypt: 99/100 pairs
covercrypt: 100/100 pairs
hybridized lp-covercrypt shard 1/1: 79 ciphertext policies x 79 user policies = 100 pairs; 300 iterations/pair
lp-covercrypt: 3/100 pairs
lp-covercrypt: 7/100 pairs
lp-covercrypt: 8/100 pairs
lp-covercrypt: 12/100 pairs
lp-covercrypt: 13/100 pairs
lp-covercrypt: 15/100 pairs
lp-covercrypt: 17/100 pairs
lp-covercrypt: 19/100 pairs
lp-covercrypt: 21/100 pairs
lp-covercrypt: 22/100 pairs
lp-covercrypt: 24/100 pairs
lp-covercrypt: 27/100 pairs
lp-covercrypt: 31/100 pairs
lp-covercrypt: 33/100 pairs
lp-covercrypt: 36/100 pairs
lp-covercrypt: 37/100 pairs
lp-covercrypt: 38/100 pairs
lp-covercrypt: 40/100 pairs
lp-covercrypt: 42/100 pairs
lp-covercrypt: 44/100 pairs
lp-covercrypt: 45/100 pairs
lp-covercrypt: 46/100 pairs
lp-covercrypt: 48/100 pairs
lp-covercrypt: 51/100 pairs
lp-covercrypt: 52/100 pairs
lp-covercrypt: 53/100 pairs
lp-covercrypt: 55/100 pairs
lp-covercrypt: 56/100 pairs
lp-covercrypt: 58/100 pairs
lp-covercrypt: 59/100 pairs
lp-covercrypt: 60/100 pairs
lp-covercrypt: 62/100 pairs
lp-covercrypt: 63/100 pairs
lp-covercrypt: 66/100 pairs
lp-covercrypt: 67/100 pairs
lp-covercrypt: 68/100 pairs
lp-covercrypt: 72/100 pairs
lp-covercrypt: 74/100 pairs
lp-covercrypt: 76/100 pairs
lp-covercrypt: 77/100 pairs
lp-covercrypt: 78/100 pairs
lp-covercrypt: 79/100 pairs
lp-covercrypt: 80/100 pairs
lp-covercrypt: 82/100 pairs
lp-covercrypt: 83/100 pairs
lp-covercrypt: 84/100 pairs
lp-covercrypt: 86/100 pairs
lp-covercrypt: 88/100 pairs
lp-covercrypt: 89/100 pairs
lp-covercrypt: 91/100 pairs
lp-covercrypt: 92/100 pairs
lp-covercrypt: 93/100 pairs
lp-covercrypt: 96/100 pairs
lp-covercrypt: 98/100 pairs
lp-covercrypt: 99/100 pairs
lp-covercrypt: 100/100 pairs
hybridized lp-covercrypt shard 1/1: 79 ciphertext policies x 79 user policies = 100 pairs; 300 iterations/pair
lp-covercrypt: 3/100 pairs
lp-covercrypt: 7/100 pairs
lp-covercrypt: 8/100 pairs
lp-covercrypt: 12/100 pairs
lp-covercrypt: 13/100 pairs
lp-covercrypt: 15/100 pairs
lp-covercrypt: 17/100 pairs
lp-covercrypt: 19/100 pairs
lp-covercrypt: 21/100 pairs
lp-covercrypt: 22/100 pairs
lp-covercrypt: 24/100 pairs
lp-covercrypt: 27/100 pairs
lp-covercrypt: 31/100 pairs
lp-covercrypt: 33/100 pairs
lp-covercrypt: 36/100 pairs
lp-covercrypt: 37/100 pairs
lp-covercrypt: 38/100 pairs
lp-covercrypt: 40/100 pairs
lp-covercrypt: 42/100 pairs
lp-covercrypt: 44/100 pairs
lp-covercrypt: 45/100 pairs
lp-covercrypt: 46/100 pairs
lp-covercrypt: 48/100 pairs
lp-covercrypt: 51/100 pairs
lp-covercrypt: 52/100 pairs
lp-covercrypt: 53/100 pairs
lp-covercrypt: 55/100 pairs
lp-covercrypt: 56/100 pairs
lp-covercrypt: 58/100 pairs
lp-covercrypt: 59/100 pairs
lp-covercrypt: 60/100 pairs
lp-covercrypt: 62/100 pairs
lp-covercrypt: 63/100 pairs
lp-covercrypt: 66/100 pairs
lp-covercrypt: 67/100 pairs
lp-covercrypt: 68/100 pairs
lp-covercrypt: 72/100 pairs
lp-covercrypt: 74/100 pairs
lp-covercrypt: 76/100 pairs
lp-covercrypt: 77/100 pairs
lp-covercrypt: 78/100 pairs
lp-covercrypt: 79/100 pairs
lp-covercrypt: 80/100 pairs
lp-covercrypt: 82/100 pairs
lp-covercrypt: 83/100 pairs
lp-covercrypt: 84/100 pairs
lp-covercrypt: 86/100 pairs
lp-covercrypt: 88/100 pairs
lp-covercrypt: 89/100 pairs
lp-covercrypt: 91/100 pairs
lp-covercrypt: 92/100 pairs
lp-covercrypt: 93/100 pairs
lp-covercrypt: 96/100 pairs
lp-covercrypt: 98/100 pairs
lp-covercrypt: 99/100 pairs
lp-covercrypt: 100/100 pairs
hybridized covercrypt shard 1/1: 79 ciphertext policies x 79 user policies = 100 pairs; 300 iterations/pair
covercrypt: 3/100 pairs
covercrypt: 7/100 pairs
covercrypt: 8/100 pairs
covercrypt: 12/100 pairs
covercrypt: 13/100 pairs
covercrypt: 15/100 pairs
covercrypt: 17/100 pairs
covercrypt: 19/100 pairs
covercrypt: 21/100 pairs
covercrypt: 22/100 pairs
covercrypt: 24/100 pairs
covercrypt: 27/100 pairs
covercrypt: 31/100 pairs
covercrypt: 33/100 pairs
covercrypt: 36/100 pairs
covercrypt: 37/100 pairs
covercrypt: 38/100 pairs
covercrypt: 40/100 pairs
covercrypt: 42/100 pairs
covercrypt: 44/100 pairs
covercrypt: 45/100 pairs
covercrypt: 46/100 pairs
covercrypt: 48/100 pairs
covercrypt: 51/100 pairs
covercrypt: 52/100 pairs
covercrypt: 53/100 pairs
covercrypt: 55/100 pairs
covercrypt: 56/100 pairs
covercrypt: 58/100 pairs
covercrypt: 59/100 pairs
covercrypt: 60/100 pairs
covercrypt: 62/100 pairs
covercrypt: 63/100 pairs
covercrypt: 66/100 pairs
covercrypt: 67/100 pairs
covercrypt: 68/100 pairs
covercrypt: 72/100 pairs
covercrypt: 74/100 pairs
covercrypt: 76/100 pairs
covercrypt: 77/100 pairs
covercrypt: 78/100 pairs
covercrypt: 79/100 pairs
covercrypt: 80/100 pairs
covercrypt: 82/100 pairs
covercrypt: 83/100 pairs
covercrypt: 84/100 pairs
covercrypt: 86/100 pairs
covercrypt: 88/100 pairs
covercrypt: 89/100 pairs
covercrypt: 91/100 pairs
covercrypt: 92/100 pairs
covercrypt: 93/100 pairs
covercrypt: 96/100 pairs
covercrypt: 98/100 pairs
covercrypt: 99/100 pairs
covercrypt: 100/100 pairs
classic lp-covercrypt shard 1/1: 79 ciphertext policies x 79 user policies = 100 pairs; 300 iterations/pair
lp-covercrypt: 3/100 pairs
lp-covercrypt: 7/100 pairs
lp-covercrypt: 8/100 pairs
lp-covercrypt: 12/100 pairs
lp-covercrypt: 13/100 pairs
lp-covercrypt: 15/100 pairs
lp-covercrypt: 17/100 pairs
lp-covercrypt: 19/100 pairs
lp-covercrypt: 21/100 pairs
lp-covercrypt: 22/100 pairs
lp-covercrypt: 24/100 pairs
lp-covercrypt: 27/100 pairs
lp-covercrypt: 31/100 pairs
lp-covercrypt: 33/100 pairs
lp-covercrypt: 36/100 pairs
lp-covercrypt: 37/100 pairs
lp-covercrypt: 38/100 pairs
lp-covercrypt: 40/100 pairs
lp-covercrypt: 42/100 pairs
lp-covercrypt: 44/100 pairs
lp-covercrypt: 45/100 pairs
lp-covercrypt: 46/100 pairs
lp-covercrypt: 48/100 pairs
lp-covercrypt: 51/100 pairs
lp-covercrypt: 52/100 pairs
lp-covercrypt: 53/100 pairs
lp-covercrypt: 55/100 pairs
lp-covercrypt: 56/100 pairs
lp-covercrypt: 58/100 pairs
lp-covercrypt: 59/100 pairs
lp-covercrypt: 60/100 pairs
lp-covercrypt: 62/100 pairs
lp-covercrypt: 63/100 pairs
lp-covercrypt: 66/100 pairs
lp-covercrypt: 67/100 pairs
lp-covercrypt: 68/100 pairs
lp-covercrypt: 72/100 pairs
lp-covercrypt: 74/100 pairs
lp-covercrypt: 76/100 pairs
lp-covercrypt: 77/100 pairs
lp-covercrypt: 78/100 pairs
lp-covercrypt: 79/100 pairs
lp-covercrypt: 80/100 pairs
lp-covercrypt: 82/100 pairs
lp-covercrypt: 83/100 pairs
lp-covercrypt: 84/100 pairs
lp-covercrypt: 86/100 pairs
lp-covercrypt: 88/100 pairs
lp-covercrypt: 89/100 pairs
lp-covercrypt: 91/100 pairs
lp-covercrypt: 92/100 pairs
lp-covercrypt: 93/100 pairs
lp-covercrypt: 96/100 pairs
lp-covercrypt: 98/100 pairs
lp-covercrypt: 99/100 pairs
lp-covercrypt: 100/100 pairs
classic covercrypt shard 1/1: 79 ciphertext policies x 79 user policies = 100 pairs; 300 iterations/pair
covercrypt: 3/100 pairs
covercrypt: 7/100 pairs
covercrypt: 8/100 pairs
covercrypt: 12/100 pairs
covercrypt: 13/100 pairs
covercrypt: 15/100 pairs
covercrypt: 17/100 pairs
covercrypt: 19/100 pairs
covercrypt: 21/100 pairs
covercrypt: 22/100 pairs
covercrypt: 24/100 pairs
covercrypt: 27/100 pairs
covercrypt: 31/100 pairs
covercrypt: 33/100 pairs
covercrypt: 36/100 pairs
covercrypt: 37/100 pairs
covercrypt: 38/100 pairs
covercrypt: 40/100 pairs
covercrypt: 42/100 pairs
covercrypt: 44/100 pairs
covercrypt: 45/100 pairs
covercrypt: 46/100 pairs
covercrypt: 48/100 pairs
covercrypt: 51/100 pairs
covercrypt: 52/100 pairs
covercrypt: 53/100 pairs
covercrypt: 55/100 pairs
covercrypt: 56/100 pairs
covercrypt: 58/100 pairs
covercrypt: 59/100 pairs
covercrypt: 60/100 pairs
covercrypt: 62/100 pairs
covercrypt: 63/100 pairs
covercrypt: 66/100 pairs
covercrypt: 67/100 pairs
covercrypt: 68/100 pairs
covercrypt: 72/100 pairs
covercrypt: 74/100 pairs
covercrypt: 76/100 pairs
covercrypt: 77/100 pairs
covercrypt: 78/100 pairs
covercrypt: 79/100 pairs
covercrypt: 80/100 pairs
covercrypt: 82/100 pairs
covercrypt: 83/100 pairs
covercrypt: 84/100 pairs
covercrypt: 86/100 pairs
covercrypt: 88/100 pairs
covercrypt: 89/100 pairs
covercrypt: 91/100 pairs
covercrypt: 92/100 pairs
covercrypt: 93/100 pairs
covercrypt: 96/100 pairs
covercrypt: 98/100 pairs
covercrypt: 99/100 pairs
covercrypt: 100/100 pairs
classic covercrypt shard 1/1: 79 ciphertext policies x 79 user policies = 100 pairs; 300 iterations/pair
covercrypt: 3/100 pairs
covercrypt: 7/100 pairs
covercrypt: 8/100 pairs
covercrypt: 12/100 pairs
covercrypt: 13/100 pairs
covercrypt: 15/100 pairs
covercrypt: 17/100 pairs
covercrypt: 19/100 pairs
covercrypt: 21/100 pairs
covercrypt: 22/100 pairs
covercrypt: 24/100 pairs
covercrypt: 27/100 pairs
covercrypt: 31/100 pairs
covercrypt: 33/100 pairs
covercrypt: 36/100 pairs
covercrypt: 37/100 pairs
covercrypt: 38/100 pairs
covercrypt: 40/100 pairs
covercrypt: 42/100 pairs
covercrypt: 44/100 pairs
covercrypt: 45/100 pairs
covercrypt: 46/100 pairs
covercrypt: 48/100 pairs
covercrypt: 51/100 pairs
covercrypt: 52/100 pairs
covercrypt: 53/100 pairs
covercrypt: 55/100 pairs
covercrypt: 56/100 pairs
covercrypt: 58/100 pairs
covercrypt: 59/100 pairs
covercrypt: 60/100 pairs
covercrypt: 62/100 pairs
covercrypt: 63/100 pairs
covercrypt: 66/100 pairs
covercrypt: 67/100 pairs
covercrypt: 68/100 pairs
covercrypt: 72/100 pairs
covercrypt: 74/100 pairs
covercrypt: 76/100 pairs
covercrypt: 77/100 pairs
covercrypt: 78/100 pairs
covercrypt: 79/100 pairs
covercrypt: 80/100 pairs
covercrypt: 82/100 pairs
covercrypt: 83/100 pairs
covercrypt: 84/100 pairs
covercrypt: 86/100 pairs
covercrypt: 88/100 pairs
covercrypt: 89/100 pairs
covercrypt: 91/100 pairs
covercrypt: 92/100 pairs
covercrypt: 93/100 pairs
covercrypt: 96/100 pairs
covercrypt: 98/100 pairs
covercrypt: 99/100 pairs
covercrypt: 100/100 pairs
classic lp-covercrypt shard 1/1: 79 ciphertext policies x 79 user policies = 100 pairs; 300 iterations/pair
lp-covercrypt: 3/100 pairs
lp-covercrypt: 7/100 pairs
lp-covercrypt: 8/100 pairs
lp-covercrypt: 12/100 pairs
lp-covercrypt: 13/100 pairs
lp-covercrypt: 15/100 pairs
lp-covercrypt: 17/100 pairs
lp-covercrypt: 19/100 pairs
lp-covercrypt: 21/100 pairs
lp-covercrypt: 22/100 pairs
lp-covercrypt: 24/100 pairs
lp-covercrypt: 27/100 pairs
lp-covercrypt: 31/100 pairs
lp-covercrypt: 33/100 pairs
lp-covercrypt: 36/100 pairs
lp-covercrypt: 37/100 pairs
lp-covercrypt: 38/100 pairs
lp-covercrypt: 40/100 pairs
lp-covercrypt: 42/100 pairs
lp-covercrypt: 44/100 pairs
lp-covercrypt: 45/100 pairs
lp-covercrypt: 46/100 pairs
lp-covercrypt: 48/100 pairs
lp-covercrypt: 51/100 pairs
lp-covercrypt: 52/100 pairs
lp-covercrypt: 53/100 pairs
lp-covercrypt: 55/100 pairs
lp-covercrypt: 56/100 pairs
lp-covercrypt: 58/100 pairs
lp-covercrypt: 59/100 pairs
lp-covercrypt: 60/100 pairs
lp-covercrypt: 62/100 pairs
lp-covercrypt: 63/100 pairs
lp-covercrypt: 66/100 pairs
lp-covercrypt: 67/100 pairs
lp-covercrypt: 68/100 pairs
lp-covercrypt: 72/100 pairs
lp-covercrypt: 74/100 pairs
lp-covercrypt: 76/100 pairs
lp-covercrypt: 77/100 pairs
lp-covercrypt: 78/100 pairs
lp-covercrypt: 79/100 pairs
lp-covercrypt: 80/100 pairs
lp-covercrypt: 82/100 pairs
lp-covercrypt: 83/100 pairs
lp-covercrypt: 84/100 pairs
lp-covercrypt: 86/100 pairs
lp-covercrypt: 88/100 pairs
lp-covercrypt: 89/100 pairs
lp-covercrypt: 91/100 pairs
lp-covercrypt: 92/100 pairs
lp-covercrypt: 93/100 pairs
lp-covercrypt: 96/100 pairs
lp-covercrypt: 98/100 pairs
lp-covercrypt: 99/100 pairs
lp-covercrypt: 100/100 pairs
hybridized covercrypt shard 1/1: 79 ciphertext policies x 79 user policies = 100 pairs; 300 iterations/pair
covercrypt: 3/100 pairs
covercrypt: 7/100 pairs
covercrypt: 8/100 pairs
covercrypt: 12/100 pairs
covercrypt: 13/100 pairs
covercrypt: 15/100 pairs
covercrypt: 17/100 pairs
covercrypt: 19/100 pairs
covercrypt: 21/100 pairs
covercrypt: 22/100 pairs
covercrypt: 24/100 pairs
covercrypt: 27/100 pairs
covercrypt: 31/100 pairs
covercrypt: 33/100 pairs
covercrypt: 36/100 pairs
covercrypt: 37/100 pairs
covercrypt: 38/100 pairs
covercrypt: 40/100 pairs
covercrypt: 42/100 pairs
covercrypt: 44/100 pairs
covercrypt: 45/100 pairs
covercrypt: 46/100 pairs
covercrypt: 48/100 pairs
covercrypt: 51/100 pairs
covercrypt: 52/100 pairs
covercrypt: 53/100 pairs
covercrypt: 55/100 pairs
covercrypt: 56/100 pairs
covercrypt: 58/100 pairs
covercrypt: 59/100 pairs
covercrypt: 60/100 pairs
covercrypt: 62/100 pairs
covercrypt: 63/100 pairs
covercrypt: 66/100 pairs
covercrypt: 67/100 pairs
covercrypt: 68/100 pairs
covercrypt: 72/100 pairs
covercrypt: 74/100 pairs
covercrypt: 76/100 pairs
covercrypt: 77/100 pairs
covercrypt: 78/100 pairs
covercrypt: 79/100 pairs
covercrypt: 80/100 pairs
covercrypt: 82/100 pairs
covercrypt: 83/100 pairs
covercrypt: 84/100 pairs
covercrypt: 86/100 pairs
covercrypt: 88/100 pairs
covercrypt: 89/100 pairs
covercrypt: 91/100 pairs
covercrypt: 92/100 pairs
covercrypt: 93/100 pairs
covercrypt: 96/100 pairs
covercrypt: 98/100 pairs
covercrypt: 99/100 pairs
covercrypt: 100/100 pairs
hybridized lp-covercrypt shard 1/1: 79 ciphertext policies x 79 user policies = 100 pairs; 300 iterations/pair
lp-covercrypt: 3/100 pairs
lp-covercrypt: 7/100 pairs
lp-covercrypt: 8/100 pairs
lp-covercrypt: 12/100 pairs
lp-covercrypt: 13/100 pairs
lp-covercrypt: 15/100 pairs
lp-covercrypt: 17/100 pairs
lp-covercrypt: 19/100 pairs
lp-covercrypt: 21/100 pairs
lp-covercrypt: 22/100 pairs
lp-covercrypt: 24/100 pairs
lp-covercrypt: 27/100 pairs
lp-covercrypt: 31/100 pairs
lp-covercrypt: 33/100 pairs
lp-covercrypt: 36/100 pairs
lp-covercrypt: 37/100 pairs
lp-covercrypt: 38/100 pairs
lp-covercrypt: 40/100 pairs
lp-covercrypt: 42/100 pairs
lp-covercrypt: 44/100 pairs
lp-covercrypt: 45/100 pairs
lp-covercrypt: 46/100 pairs
lp-covercrypt: 48/100 pairs
lp-covercrypt: 51/100 pairs
lp-covercrypt: 52/100 pairs
lp-covercrypt: 53/100 pairs
lp-covercrypt: 55/100 pairs
lp-covercrypt: 56/100 pairs
lp-covercrypt: 58/100 pairs
lp-covercrypt: 59/100 pairs
lp-covercrypt: 60/100 pairs
lp-covercrypt: 62/100 pairs
lp-covercrypt: 63/100 pairs
lp-covercrypt: 66/100 pairs
lp-covercrypt: 67/100 pairs
lp-covercrypt: 68/100 pairs
lp-covercrypt: 72/100 pairs
lp-covercrypt: 74/100 pairs
lp-covercrypt: 76/100 pairs
lp-covercrypt: 77/100 pairs
lp-covercrypt: 78/100 pairs
lp-covercrypt: 79/100 pairs
lp-covercrypt: 80/100 pairs
lp-covercrypt: 82/100 pairs
lp-covercrypt: 83/100 pairs
lp-covercrypt: 84/100 pairs
lp-covercrypt: 86/100 pairs
lp-covercrypt: 88/100 pairs
lp-covercrypt: 89/100 pairs
lp-covercrypt: 91/100 pairs
lp-covercrypt: 92/100 pairs
lp-covercrypt: 93/100 pairs
lp-covercrypt: 96/100 pairs
lp-covercrypt: 98/100 pairs
lp-covercrypt: 99/100 pairs
lp-covercrypt: 100/100 pairs
hybridized lp-covercrypt shard 1/1: 79 ciphertext policies x 79 user policies = 100 pairs; 300 iterations/pair
lp-covercrypt: 3/100 pairs
lp-covercrypt: 7/100 pairs
lp-covercrypt: 8/100 pairs
lp-covercrypt: 12/100 pairs
lp-covercrypt: 13/100 pairs
lp-covercrypt: 15/100 pairs
lp-covercrypt: 17/100 pairs
lp-covercrypt: 19/100 pairs
lp-covercrypt: 21/100 pairs
lp-covercrypt: 22/100 pairs
lp-covercrypt: 24/100 pairs
lp-covercrypt: 27/100 pairs
lp-covercrypt: 31/100 pairs
lp-covercrypt: 33/100 pairs
lp-covercrypt: 36/100 pairs
lp-covercrypt: 37/100 pairs
lp-covercrypt: 38/100 pairs
lp-covercrypt: 40/100 pairs
lp-covercrypt: 42/100 pairs
lp-covercrypt: 44/100 pairs
lp-covercrypt: 45/100 pairs
lp-covercrypt: 46/100 pairs
lp-covercrypt: 48/100 pairs
lp-covercrypt: 51/100 pairs
lp-covercrypt: 52/100 pairs
lp-covercrypt: 53/100 pairs
lp-covercrypt: 55/100 pairs
lp-covercrypt: 56/100 pairs
lp-covercrypt: 58/100 pairs
lp-covercrypt: 59/100 pairs
lp-covercrypt: 60/100 pairs
lp-covercrypt: 62/100 pairs
lp-covercrypt: 63/100 pairs
lp-covercrypt: 66/100 pairs
lp-covercrypt: 67/100 pairs
lp-covercrypt: 68/100 pairs
lp-covercrypt: 72/100 pairs
lp-covercrypt: 74/100 pairs
lp-covercrypt: 76/100 pairs
lp-covercrypt: 77/100 pairs
lp-covercrypt: 78/100 pairs
lp-covercrypt: 79/100 pairs
lp-covercrypt: 80/100 pairs
lp-covercrypt: 82/100 pairs
lp-covercrypt: 83/100 pairs
lp-covercrypt: 84/100 pairs
lp-covercrypt: 86/100 pairs
lp-covercrypt: 88/100 pairs
lp-covercrypt: 89/100 pairs
lp-covercrypt: 91/100 pairs
lp-covercrypt: 92/100 pairs
lp-covercrypt: 93/100 pairs
lp-covercrypt: 96/100 pairs
lp-covercrypt: 98/100 pairs
lp-covercrypt: 99/100 pairs
lp-covercrypt: 100/100 pairs
hybridized covercrypt shard 1/1: 79 ciphertext policies x 79 user policies = 100 pairs; 300 iterations/pair
covercrypt: 3/100 pairs
covercrypt: 7/100 pairs
covercrypt: 8/100 pairs
covercrypt: 12/100 pairs
covercrypt: 13/100 pairs
covercrypt: 15/100 pairs
covercrypt: 17/100 pairs
covercrypt: 19/100 pairs
covercrypt: 21/100 pairs
covercrypt: 22/100 pairs
covercrypt: 24/100 pairs
covercrypt: 27/100 pairs
covercrypt: 31/100 pairs
covercrypt: 33/100 pairs
covercrypt: 36/100 pairs
covercrypt: 37/100 pairs
covercrypt: 38/100 pairs
covercrypt: 40/100 pairs
covercrypt: 42/100 pairs
covercrypt: 44/100 pairs
covercrypt: 45/100 pairs
covercrypt: 46/100 pairs
covercrypt: 48/100 pairs
covercrypt: 51/100 pairs
covercrypt: 52/100 pairs
covercrypt: 53/100 pairs
covercrypt: 55/100 pairs
covercrypt: 56/100 pairs
covercrypt: 58/100 pairs
covercrypt: 59/100 pairs
covercrypt: 60/100 pairs
covercrypt: 62/100 pairs
covercrypt: 63/100 pairs
covercrypt: 66/100 pairs
covercrypt: 67/100 pairs
covercrypt: 68/100 pairs
covercrypt: 72/100 pairs
covercrypt: 74/100 pairs
covercrypt: 76/100 pairs
covercrypt: 77/100 pairs
covercrypt: 78/100 pairs
covercrypt: 79/100 pairs
covercrypt: 80/100 pairs
covercrypt: 82/100 pairs
covercrypt: 83/100 pairs
covercrypt: 84/100 pairs
covercrypt: 86/100 pairs
covercrypt: 88/100 pairs
covercrypt: 89/100 pairs
covercrypt: 91/100 pairs
covercrypt: 92/100 pairs
covercrypt: 93/100 pairs
covercrypt: 96/100 pairs
covercrypt: 98/100 pairs
covercrypt: 99/100 pairs
covercrypt: 100/100 pairs
classic lp-covercrypt shard 1/1: 79 ciphertext policies x 79 user policies = 100 pairs; 300 iterations/pair
lp-covercrypt: 3/100 pairs
lp-covercrypt: 7/100 pairs
lp-covercrypt: 8/100 pairs
lp-covercrypt: 12/100 pairs
lp-covercrypt: 13/100 pairs
lp-covercrypt: 15/100 pairs
lp-covercrypt: 17/100 pairs
lp-covercrypt: 19/100 pairs
lp-covercrypt: 21/100 pairs
lp-covercrypt: 22/100 pairs
lp-covercrypt: 24/100 pairs
lp-covercrypt: 27/100 pairs
lp-covercrypt: 31/100 pairs
lp-covercrypt: 33/100 pairs
lp-covercrypt: 36/100 pairs
lp-covercrypt: 37/100 pairs
lp-covercrypt: 38/100 pairs
lp-covercrypt: 40/100 pairs
lp-covercrypt: 42/100 pairs
lp-covercrypt: 44/100 pairs
lp-covercrypt: 45/100 pairs
lp-covercrypt: 46/100 pairs
lp-covercrypt: 48/100 pairs
lp-covercrypt: 51/100 pairs
lp-covercrypt: 52/100 pairs
lp-covercrypt: 53/100 pairs
lp-covercrypt: 55/100 pairs
lp-covercrypt: 56/100 pairs
lp-covercrypt: 58/100 pairs
lp-covercrypt: 59/100 pairs
lp-covercrypt: 60/100 pairs
lp-covercrypt: 62/100 pairs
lp-covercrypt: 63/100 pairs
lp-covercrypt: 66/100 pairs
lp-covercrypt: 67/100 pairs
lp-covercrypt: 68/100 pairs
lp-covercrypt: 72/100 pairs
lp-covercrypt: 74/100 pairs
lp-covercrypt: 76/100 pairs
lp-covercrypt: 77/100 pairs
lp-covercrypt: 78/100 pairs
lp-covercrypt: 79/100 pairs
lp-covercrypt: 80/100 pairs
lp-covercrypt: 82/100 pairs
lp-covercrypt: 83/100 pairs
lp-covercrypt: 84/100 pairs
lp-covercrypt: 86/100 pairs
lp-covercrypt: 88/100 pairs
lp-covercrypt: 89/100 pairs
lp-covercrypt: 91/100 pairs
lp-covercrypt: 92/100 pairs
lp-covercrypt: 93/100 pairs
lp-covercrypt: 96/100 pairs
lp-covercrypt: 98/100 pairs
lp-covercrypt: 99/100 pairs
lp-covercrypt: 100/100 pairs
classic covercrypt shard 1/1: 79 ciphertext policies x 79 user policies = 100 pairs; 300 iterations/pair
covercrypt: 3/100 pairs
covercrypt: 7/100 pairs
covercrypt: 8/100 pairs
covercrypt: 12/100 pairs
covercrypt: 13/100 pairs
covercrypt: 15/100 pairs
covercrypt: 17/100 pairs
covercrypt: 19/100 pairs
covercrypt: 21/100 pairs
covercrypt: 22/100 pairs
covercrypt: 24/100 pairs
covercrypt: 27/100 pairs
covercrypt: 31/100 pairs
covercrypt: 33/100 pairs
covercrypt: 36/100 pairs
covercrypt: 37/100 pairs
covercrypt: 38/100 pairs
covercrypt: 40/100 pairs
covercrypt: 42/100 pairs
covercrypt: 44/100 pairs
covercrypt: 45/100 pairs
covercrypt: 46/100 pairs
covercrypt: 48/100 pairs
covercrypt: 51/100 pairs
covercrypt: 52/100 pairs
covercrypt: 53/100 pairs
covercrypt: 55/100 pairs
covercrypt: 56/100 pairs
covercrypt: 58/100 pairs
covercrypt: 59/100 pairs
covercrypt: 60/100 pairs
covercrypt: 62/100 pairs
covercrypt: 63/100 pairs
covercrypt: 66/100 pairs
covercrypt: 67/100 pairs
covercrypt: 68/100 pairs
covercrypt: 72/100 pairs
covercrypt: 74/100 pairs
covercrypt: 76/100 pairs
covercrypt: 77/100 pairs
covercrypt: 78/100 pairs
covercrypt: 79/100 pairs
covercrypt: 80/100 pairs
covercrypt: 82/100 pairs
covercrypt: 83/100 pairs
covercrypt: 84/100 pairs
covercrypt: 86/100 pairs
covercrypt: 88/100 pairs
covercrypt: 89/100 pairs
covercrypt: 91/100 pairs
covercrypt: 92/100 pairs
covercrypt: 93/100 pairs
covercrypt: 96/100 pairs
covercrypt: 98/100 pairs
covercrypt: 99/100 pairs
covercrypt: 100/100 pairs
classic covercrypt shard 1/1: 79 ciphertext policies x 79 user policies = 100 pairs; 300 iterations/pair
covercrypt: 3/100 pairs
covercrypt: 7/100 pairs
covercrypt: 8/100 pairs
covercrypt: 12/100 pairs
covercrypt: 13/100 pairs
covercrypt: 15/100 pairs
covercrypt: 17/100 pairs
covercrypt: 19/100 pairs
covercrypt: 21/100 pairs
covercrypt: 22/100 pairs
covercrypt: 24/100 pairs
covercrypt: 27/100 pairs
covercrypt: 31/100 pairs
covercrypt: 33/100 pairs
covercrypt: 36/100 pairs
covercrypt: 37/100 pairs
covercrypt: 38/100 pairs
covercrypt: 40/100 pairs
covercrypt: 42/100 pairs
covercrypt: 44/100 pairs
covercrypt: 45/100 pairs
covercrypt: 46/100 pairs
covercrypt: 48/100 pairs
covercrypt: 51/100 pairs
covercrypt: 52/100 pairs
covercrypt: 53/100 pairs
covercrypt: 55/100 pairs
covercrypt: 56/100 pairs
covercrypt: 58/100 pairs
covercrypt: 59/100 pairs
covercrypt: 60/100 pairs
covercrypt: 62/100 pairs
covercrypt: 63/100 pairs
covercrypt: 66/100 pairs
covercrypt: 67/100 pairs
covercrypt: 68/100 pairs
covercrypt: 72/100 pairs
covercrypt: 74/100 pairs
covercrypt: 76/100 pairs
covercrypt: 77/100 pairs
covercrypt: 78/100 pairs
covercrypt: 79/100 pairs
covercrypt: 80/100 pairs
covercrypt: 82/100 pairs
covercrypt: 83/100 pairs
covercrypt: 84/100 pairs
covercrypt: 86/100 pairs
covercrypt: 88/100 pairs
covercrypt: 89/100 pairs
covercrypt: 91/100 pairs
covercrypt: 92/100 pairs
covercrypt: 93/100 pairs
covercrypt: 96/100 pairs
covercrypt: 98/100 pairs
covercrypt: 99/100 pairs
covercrypt: 100/100 pairs
classic lp-covercrypt shard 1/1: 79 ciphertext policies x 79 user policies = 100 pairs; 300 iterations/pair
lp-covercrypt: 3/100 pairs
lp-covercrypt: 7/100 pairs
lp-covercrypt: 8/100 pairs
lp-covercrypt: 12/100 pairs
lp-covercrypt: 13/100 pairs
lp-covercrypt: 15/100 pairs
lp-covercrypt: 17/100 pairs
lp-covercrypt: 19/100 pairs
lp-covercrypt: 21/100 pairs
lp-covercrypt: 22/100 pairs
lp-covercrypt: 24/100 pairs
lp-covercrypt: 27/100 pairs
lp-covercrypt: 31/100 pairs
lp-covercrypt: 33/100 pairs
lp-covercrypt: 36/100 pairs
lp-covercrypt: 37/100 pairs
lp-covercrypt: 38/100 pairs
lp-covercrypt: 40/100 pairs
lp-covercrypt: 42/100 pairs
lp-covercrypt: 44/100 pairs
lp-covercrypt: 45/100 pairs
lp-covercrypt: 46/100 pairs
lp-covercrypt: 48/100 pairs
lp-covercrypt: 51/100 pairs
lp-covercrypt: 52/100 pairs
lp-covercrypt: 53/100 pairs
lp-covercrypt: 55/100 pairs
lp-covercrypt: 56/100 pairs
lp-covercrypt: 58/100 pairs
lp-covercrypt: 59/100 pairs
lp-covercrypt: 60/100 pairs
lp-covercrypt: 62/100 pairs
lp-covercrypt: 63/100 pairs
lp-covercrypt: 66/100 pairs
lp-covercrypt: 67/100 pairs
lp-covercrypt: 68/100 pairs
lp-covercrypt: 72/100 pairs
lp-covercrypt: 74/100 pairs
lp-covercrypt: 76/100 pairs
lp-covercrypt: 77/100 pairs
lp-covercrypt: 78/100 pairs
lp-covercrypt: 79/100 pairs
lp-covercrypt: 80/100 pairs
lp-covercrypt: 82/100 pairs
lp-covercrypt: 83/100 pairs
lp-covercrypt: 84/100 pairs
lp-covercrypt: 86/100 pairs
lp-covercrypt: 88/100 pairs
lp-covercrypt: 89/100 pairs
lp-covercrypt: 91/100 pairs
lp-covercrypt: 92/100 pairs
lp-covercrypt: 93/100 pairs
lp-covercrypt: 96/100 pairs
lp-covercrypt: 98/100 pairs
lp-covercrypt: 99/100 pairs
lp-covercrypt: 100/100 pairs
hybridized covercrypt shard 1/1: 79 ciphertext policies x 79 user policies = 100 pairs; 300 iterations/pair
covercrypt: 3/100 pairs
covercrypt: 7/100 pairs
covercrypt: 8/100 pairs
covercrypt: 12/100 pairs
covercrypt: 13/100 pairs
covercrypt: 15/100 pairs
covercrypt: 17/100 pairs
covercrypt: 19/100 pairs
covercrypt: 21/100 pairs
covercrypt: 22/100 pairs
covercrypt: 24/100 pairs
covercrypt: 27/100 pairs
covercrypt: 31/100 pairs
covercrypt: 33/100 pairs
covercrypt: 36/100 pairs
covercrypt: 37/100 pairs
covercrypt: 38/100 pairs
covercrypt: 40/100 pairs
covercrypt: 42/100 pairs
covercrypt: 44/100 pairs
covercrypt: 45/100 pairs
covercrypt: 46/100 pairs
covercrypt: 48/100 pairs
covercrypt: 51/100 pairs
covercrypt: 52/100 pairs
covercrypt: 53/100 pairs
covercrypt: 55/100 pairs
covercrypt: 56/100 pairs
covercrypt: 58/100 pairs
covercrypt: 59/100 pairs
covercrypt: 60/100 pairs
covercrypt: 62/100 pairs
covercrypt: 63/100 pairs
covercrypt: 66/100 pairs
covercrypt: 67/100 pairs
covercrypt: 68/100 pairs
covercrypt: 72/100 pairs
covercrypt: 74/100 pairs
covercrypt: 76/100 pairs
covercrypt: 77/100 pairs
covercrypt: 78/100 pairs
covercrypt: 79/100 pairs
covercrypt: 80/100 pairs
covercrypt: 82/100 pairs
covercrypt: 83/100 pairs
covercrypt: 84/100 pairs
covercrypt: 86/100 pairs
covercrypt: 88/100 pairs
covercrypt: 89/100 pairs
covercrypt: 91/100 pairs
covercrypt: 92/100 pairs
covercrypt: 93/100 pairs
covercrypt: 96/100 pairs
covercrypt: 98/100 pairs
covercrypt: 99/100 pairs
covercrypt: 100/100 pairs
hybridized lp-covercrypt shard 1/1: 79 ciphertext policies x 79 user policies = 100 pairs; 300 iterations/pair
lp-covercrypt: 3/100 pairs
lp-covercrypt: 7/100 pairs
lp-covercrypt: 8/100 pairs
lp-covercrypt: 12/100 pairs
lp-covercrypt: 13/100 pairs
lp-covercrypt: 15/100 pairs
lp-covercrypt: 17/100 pairs
lp-covercrypt: 19/100 pairs
lp-covercrypt: 21/100 pairs
lp-covercrypt: 22/100 pairs
lp-covercrypt: 24/100 pairs
lp-covercrypt: 27/100 pairs
lp-covercrypt: 31/100 pairs
lp-covercrypt: 33/100 pairs
lp-covercrypt: 36/100 pairs
lp-covercrypt: 37/100 pairs
lp-covercrypt: 38/100 pairs
lp-covercrypt: 40/100 pairs
lp-covercrypt: 42/100 pairs
lp-covercrypt: 44/100 pairs
lp-covercrypt: 45/100 pairs
lp-covercrypt: 46/100 pairs
lp-covercrypt: 48/100 pairs
lp-covercrypt: 51/100 pairs
lp-covercrypt: 52/100 pairs
lp-covercrypt: 53/100 pairs
lp-covercrypt: 55/100 pairs
lp-covercrypt: 56/100 pairs
lp-covercrypt: 58/100 pairs
lp-covercrypt: 59/100 pairs
lp-covercrypt: 60/100 pairs
lp-covercrypt: 62/100 pairs
lp-covercrypt: 63/100 pairs
lp-covercrypt: 66/100 pairs
lp-covercrypt: 67/100 pairs
lp-covercrypt: 68/100 pairs
lp-covercrypt: 72/100 pairs
lp-covercrypt: 74/100 pairs
lp-covercrypt: 76/100 pairs
lp-covercrypt: 77/100 pairs
lp-covercrypt: 78/100 pairs
lp-covercrypt: 79/100 pairs
lp-covercrypt: 80/100 pairs
lp-covercrypt: 82/100 pairs
lp-covercrypt: 83/100 pairs
lp-covercrypt: 84/100 pairs
lp-covercrypt: 86/100 pairs
lp-covercrypt: 88/100 pairs
lp-covercrypt: 89/100 pairs
lp-covercrypt: 91/100 pairs
lp-covercrypt: 92/100 pairs
lp-covercrypt: 93/100 pairs
lp-covercrypt: 96/100 pairs
lp-covercrypt: 98/100 pairs
lp-covercrypt: 99/100 pairs
lp-covercrypt: 100/100 pairs
hybridized lp-covercrypt shard 1/1: 79 ciphertext policies x 79 user policies = 100 pairs; 300 iterations/pair
lp-covercrypt: 3/100 pairs
lp-covercrypt: 7/100 pairs
lp-covercrypt: 8/100 pairs
lp-covercrypt: 12/100 pairs
lp-covercrypt: 13/100 pairs
lp-covercrypt: 15/100 pairs
lp-covercrypt: 17/100 pairs
lp-covercrypt: 19/100 pairs
lp-covercrypt: 21/100 pairs
lp-covercrypt: 22/100 pairs
lp-covercrypt: 24/100 pairs
lp-covercrypt: 27/100 pairs
lp-covercrypt: 31/100 pairs
lp-covercrypt: 33/100 pairs
lp-covercrypt: 36/100 pairs
lp-covercrypt: 37/100 pairs
lp-covercrypt: 38/100 pairs
lp-covercrypt: 40/100 pairs
lp-covercrypt: 42/100 pairs
lp-covercrypt: 44/100 pairs
lp-covercrypt: 45/100 pairs
lp-covercrypt: 46/100 pairs
lp-covercrypt: 48/100 pairs
lp-covercrypt: 51/100 pairs
lp-covercrypt: 52/100 pairs
lp-covercrypt: 53/100 pairs
lp-covercrypt: 55/100 pairs
lp-covercrypt: 56/100 pairs
lp-covercrypt: 58/100 pairs
lp-covercrypt: 59/100 pairs
lp-covercrypt: 60/100 pairs
lp-covercrypt: 62/100 pairs
lp-covercrypt: 63/100 pairs
lp-covercrypt: 66/100 pairs
lp-covercrypt: 67/100 pairs
lp-covercrypt: 68/100 pairs
lp-covercrypt: 72/100 pairs
lp-covercrypt: 74/100 pairs
lp-covercrypt: 76/100 pairs
lp-covercrypt: 77/100 pairs
lp-covercrypt: 78/100 pairs
lp-covercrypt: 79/100 pairs
lp-covercrypt: 80/100 pairs
lp-covercrypt: 82/100 pairs
lp-covercrypt: 83/100 pairs
lp-covercrypt: 84/100 pairs
lp-covercrypt: 86/100 pairs
lp-covercrypt: 88/100 pairs
lp-covercrypt: 89/100 pairs
lp-covercrypt: 91/100 pairs
lp-covercrypt: 92/100 pairs
lp-covercrypt: 93/100 pairs
lp-covercrypt: 96/100 pairs
lp-covercrypt: 98/100 pairs
lp-covercrypt: 99/100 pairs
lp-covercrypt: 100/100 pairs
hybridized covercrypt shard 1/1: 79 ciphertext policies x 79 user policies = 100 pairs; 300 iterations/pair
covercrypt: 3/100 pairs
covercrypt: 7/100 pairs
covercrypt: 8/100 pairs
covercrypt: 12/100 pairs
covercrypt: 13/100 pairs
covercrypt: 15/100 pairs
covercrypt: 17/100 pairs
covercrypt: 19/100 pairs
covercrypt: 21/100 pairs
covercrypt: 22/100 pairs
covercrypt: 24/100 pairs
covercrypt: 27/100 pairs
covercrypt: 31/100 pairs
covercrypt: 33/100 pairs
covercrypt: 36/100 pairs
covercrypt: 37/100 pairs
covercrypt: 38/100 pairs
covercrypt: 40/100 pairs
covercrypt: 42/100 pairs
covercrypt: 44/100 pairs
covercrypt: 45/100 pairs
covercrypt: 46/100 pairs
covercrypt: 48/100 pairs
covercrypt: 51/100 pairs
covercrypt: 52/100 pairs
covercrypt: 53/100 pairs
covercrypt: 55/100 pairs
covercrypt: 56/100 pairs
covercrypt: 58/100 pairs
covercrypt: 59/100 pairs
covercrypt: 60/100 pairs
covercrypt: 62/100 pairs
covercrypt: 63/100 pairs
covercrypt: 66/100 pairs
covercrypt: 67/100 pairs
covercrypt: 68/100 pairs
covercrypt: 72/100 pairs
covercrypt: 74/100 pairs
covercrypt: 76/100 pairs
covercrypt: 77/100 pairs
covercrypt: 78/100 pairs
covercrypt: 79/100 pairs
covercrypt: 80/100 pairs
covercrypt: 82/100 pairs
covercrypt: 83/100 pairs
covercrypt: 84/100 pairs
covercrypt: 86/100 pairs
covercrypt: 88/100 pairs
covercrypt: 89/100 pairs
covercrypt: 91/100 pairs
covercrypt: 92/100 pairs
covercrypt: 93/100 pairs
covercrypt: 96/100 pairs
covercrypt: 98/100 pairs
covercrypt: 99/100 pairs
covercrypt: 100/100 pairs
classic lp-covercrypt shard 1/1: 79 ciphertext policies x 79 user policies = 100 pairs; 300 iterations/pair
lp-covercrypt: 3/100 pairs
lp-covercrypt: 7/100 pairs
lp-covercrypt: 8/100 pairs
lp-covercrypt: 12/100 pairs
lp-covercrypt: 13/100 pairs
lp-covercrypt: 15/100 pairs
lp-covercrypt: 17/100 pairs
lp-covercrypt: 19/100 pairs
lp-covercrypt: 21/100 pairs
lp-covercrypt: 22/100 pairs
lp-covercrypt: 24/100 pairs
lp-covercrypt: 27/100 pairs
lp-covercrypt: 31/100 pairs
lp-covercrypt: 33/100 pairs
lp-covercrypt: 36/100 pairs
lp-covercrypt: 37/100 pairs
lp-covercrypt: 38/100 pairs
lp-covercrypt: 40/100 pairs
lp-covercrypt: 42/100 pairs
lp-covercrypt: 44/100 pairs
lp-covercrypt: 45/100 pairs
lp-covercrypt: 46/100 pairs
lp-covercrypt: 48/100 pairs
lp-covercrypt: 51/100 pairs
lp-covercrypt: 52/100 pairs
lp-covercrypt: 53/100 pairs
lp-covercrypt: 55/100 pairs
lp-covercrypt: 56/100 pairs
lp-covercrypt: 58/100 pairs
lp-covercrypt: 59/100 pairs
lp-covercrypt: 60/100 pairs
lp-covercrypt: 62/100 pairs
lp-covercrypt: 63/100 pairs
lp-covercrypt: 66/100 pairs
lp-covercrypt: 67/100 pairs
lp-covercrypt: 68/100 pairs
lp-covercrypt: 72/100 pairs
lp-covercrypt: 74/100 pairs
lp-covercrypt: 76/100 pairs
lp-covercrypt: 77/100 pairs
lp-covercrypt: 78/100 pairs
lp-covercrypt: 79/100 pairs
lp-covercrypt: 80/100 pairs
lp-covercrypt: 82/100 pairs
lp-covercrypt: 83/100 pairs
lp-covercrypt: 84/100 pairs
lp-covercrypt: 86/100 pairs
lp-covercrypt: 88/100 pairs
lp-covercrypt: 89/100 pairs
lp-covercrypt: 91/100 pairs
lp-covercrypt: 92/100 pairs
lp-covercrypt: 93/100 pairs
lp-covercrypt: 96/100 pairs
lp-covercrypt: 98/100 pairs
lp-covercrypt: 99/100 pairs
lp-covercrypt: 100/100 pairs
classic covercrypt shard 1/1: 79 ciphertext policies x 79 user policies = 100 pairs; 300 iterations/pair
covercrypt: 3/100 pairs
covercrypt: 7/100 pairs
covercrypt: 8/100 pairs
covercrypt: 12/100 pairs
covercrypt: 13/100 pairs
covercrypt: 15/100 pairs
covercrypt: 17/100 pairs
covercrypt: 19/100 pairs
covercrypt: 21/100 pairs
covercrypt: 22/100 pairs
covercrypt: 24/100 pairs
covercrypt: 27/100 pairs
covercrypt: 31/100 pairs
covercrypt: 33/100 pairs
covercrypt: 36/100 pairs
covercrypt: 37/100 pairs
covercrypt: 38/100 pairs
covercrypt: 40/100 pairs
covercrypt: 42/100 pairs
covercrypt: 44/100 pairs
covercrypt: 45/100 pairs
covercrypt: 46/100 pairs
covercrypt: 48/100 pairs
covercrypt: 51/100 pairs
covercrypt: 52/100 pairs
covercrypt: 53/100 pairs
covercrypt: 55/100 pairs
covercrypt: 56/100 pairs
covercrypt: 58/100 pairs
covercrypt: 59/100 pairs
covercrypt: 60/100 pairs
covercrypt: 62/100 pairs
covercrypt: 63/100 pairs
covercrypt: 66/100 pairs
covercrypt: 67/100 pairs
covercrypt: 68/100 pairs
covercrypt: 72/100 pairs
covercrypt: 74/100 pairs
covercrypt: 76/100 pairs
covercrypt: 77/100 pairs
covercrypt: 78/100 pairs
covercrypt: 79/100 pairs
covercrypt: 80/100 pairs
covercrypt: 82/100 pairs
covercrypt: 83/100 pairs
covercrypt: 84/100 pairs
covercrypt: 86/100 pairs
covercrypt: 88/100 pairs
covercrypt: 89/100 pairs
covercrypt: 91/100 pairs
covercrypt: 92/100 pairs
covercrypt: 93/100 pairs
covercrypt: 96/100 pairs
covercrypt: 98/100 pairs
covercrypt: 99/100 pairs
covercrypt: 100/100 pairs
